{
  "A": {
    "Int": 0,
    "Float": 1.0,
    "Double": 2.0,
    "Bool": false,
    "String": "String",
    "Strings": [
      "A",
      "B",
      "C"
    ],
    "JTokenType": "Null"
  },
  "Int": 0,
  "Float": 1.0,
  "Double": 2.0,
  "Bool": false,
  "Strings": [
    "A",
    "B",
    "C"
  ],
  "JTokenType": "Null"
}